// Jest Snapshot v1, https://goo.gl/fbAQLP

exports[`<Hero /> should render correctly 1`] = `
<div
  className="Hero"
  data-testid="Hero"
>
  <div
    className="content-container Content"
  >
    <div
      className="text-7xl"
    >
      What are you planning to learn?
    </div>
    <div
      className="Search"
    >
      <input
        className="flex-grow block form-control-lg"
        onChange={[Function]}
        placeholder="Search topics..."
        type="text"
        value=""
      />
      <button
        className="mt-5 sm:mt-0 sm:ml-3 btn btn-primary"
        onClick={[Function]}
      >
        Search
      </button>
    </div>
    <div
      className="mt-24"
    >
      <div
        className="text-2xl"
      >
        <strong>
          Resource Rank
        </strong>
         helps you find the
         
        <strong>
          best
        </strong>
         resources for your learning journey.
      </div>
      <div
        className="mt-8 flex justify-center"
      >
        <img
          alt="Resource Rank Logo"
          height="100"
          src="/img/logo.svg"
          width="100"
        />
      </div>
    </div>
  </div>
  <div
    className="ColorOverlay"
  />
</div>
`;
