// Jest Snapshot v1, https://goo.gl/fbAQLP

exports[`<Hero /> should render correctly 1`] = `
<div
  className="Hero"
  data-testid="Hero"
>
  <div
    className="content-container md:flex items-center justify-between"
  >
    <div
      className="PromptSection"
    >
      <div
        className="Prompt"
      >
        <strong>
          <span
            className="Emphasis"
          >
            Level up
          </span>
           your
           
          <span
            className="Emphasis"
          >
            learning
          </span>
          .
        </strong>
      </div>
      <div
        className="SubPrompt"
      >
        <span
          className="Emphasis"
        >
          Resource Rank
        </span>
         helps you find the 
        <span
          className="Emphasis"
        >
          best
        </span>
         resources for your
         
        <span
          className="Emphasis"
        >
          learning journey
        </span>
        .
      </div>
      <div
        className="mt-12 flex justify-center md:justify-start"
      >
        <div
          className="Link"
          data-testid="Link"
        >
          <a
            className="btn btn-primary flex items-center"
            href="/topics"
            onClick={[Function]}
            onMouseEnter={[Function]}
          >
            Explore Topics
            <span
              className="ml-2"
            >
              <svg
                aria-hidden={true}
                className="MuiSvgIcon-root"
                focusable="false"
                viewBox="0 0 24 24"
              >
                <path
                  d="M12 4l-1.41 1.41L16.17 11H4v2h12.17l-5.58 5.59L12 20l8-8z"
                />
              </svg>
            </span>
          </a>
        </div>
      </div>
    </div>
    <div
      className="IllustrationSection"
    >
      <div
        className="flex items-center justify-center"
      >
        <img
          className="Illustration"
          src="/img/hero.svg"
        />
      </div>
    </div>
  </div>
</div>
`;
