// Jest Snapshot v1, https://goo.gl/fbAQLP

exports[`<TopicResourceListing /> with multiple topic resources should render correctly 1`] = `
<div
  className="TopicResourceListing"
  data-testid="TopicResourceListing"
>
  <div
    className="border-b"
  >
    <div
      className="TopicResourceListingItem"
      data-testid="TopicResourceListingItem"
    >
      <a
        href="/topics/topic-name/resources/resource-name"
        onClick={[Function]}
        onMouseEnter={[Function]}
      >
        <div
          className="ListingItem HoverListingItem"
          data-testid="ListingItem"
        >
          <div
            className="sm:flex sm:justify-between items-center sm:text-left text-center"
          >
            <div
              className="col-sm-auto flex flex-col items-center sm:items-start"
            >
              <div
                className="flex items-center justify-center sm:justify-start"
              >
                <div />
              </div>
              <div
                className="mt-1"
              >
                <div
                  className="RatingStarGroup"
                  data-testid="RatingStarGroup"
                >
                  <div
                    data-testid="RatingStarGroup_RatingStar"
                    onClick={[Function]}
                  >
                    <div
                      className="RatingStar"
                      data-testid="RatingStar"
                    >
                      <div
                        className="FullRatingStar"
                        data-testid="FullRatingStar"
                      >
                        <svg
                          aria-hidden={true}
                          className="MuiSvgIcon-root"
                          color="orange"
                          focusable="false"
                          style={
                            Object {
                              "fontSize": 25,
                            }
                          }
                          viewBox="0 0 24 24"
                        >
                          <path
                            d="M12 17.27l4.15 2.51c.76.46 1.69-.22 1.49-1.08l-1.1-4.72 3.67-3.18c.67-.58.31-1.68-.57-1.75l-4.83-.41-1.89-4.46c-.34-.81-1.5-.81-1.84 0L9.19 8.63l-4.83.41c-.88.07-1.24 1.17-.57 1.75l3.67 3.18-1.1 4.72c-.2.86.73 1.54 1.49 1.08l4.15-2.5z"
                          />
                        </svg>
                      </div>
                    </div>
                  </div>
                  <div
                    data-testid="RatingStarGroup_RatingStar"
                    onClick={[Function]}
                  >
                    <div
                      className="RatingStar"
                      data-testid="RatingStar"
                    >
                      <div
                        className="EmptyRatingStar"
                        data-testid="EmptyRatingStar"
                      >
                        <svg
                          aria-hidden={true}
                          className="MuiSvgIcon-root"
                          color="#d6d6d6"
                          focusable="false"
                          style={
                            Object {
                              "fontSize": 25,
                            }
                          }
                          viewBox="0 0 24 24"
                        >
                          <path
                            d="M12 17.27l4.15 2.51c.76.46 1.69-.22 1.49-1.08l-1.1-4.72 3.67-3.18c.67-.58.31-1.68-.57-1.75l-4.83-.41-1.89-4.46c-.34-.81-1.5-.81-1.84 0L9.19 8.63l-4.83.41c-.88.07-1.24 1.17-.57 1.75l3.67 3.18-1.1 4.72c-.2.86.73 1.54 1.49 1.08l4.15-2.5z"
                          />
                        </svg>
                      </div>
                    </div>
                  </div>
                  <div
                    data-testid="RatingStarGroup_RatingStar"
                    onClick={[Function]}
                  >
                    <div
                      className="RatingStar"
                      data-testid="RatingStar"
                    >
                      <div
                        className="EmptyRatingStar"
                        data-testid="EmptyRatingStar"
                      >
                        <svg
                          aria-hidden={true}
                          className="MuiSvgIcon-root"
                          color="#d6d6d6"
                          focusable="false"
                          style={
                            Object {
                              "fontSize": 25,
                            }
                          }
                          viewBox="0 0 24 24"
                        >
                          <path
                            d="M12 17.27l4.15 2.51c.76.46 1.69-.22 1.49-1.08l-1.1-4.72 3.67-3.18c.67-.58.31-1.68-.57-1.75l-4.83-.41-1.89-4.46c-.34-.81-1.5-.81-1.84 0L9.19 8.63l-4.83.41c-.88.07-1.24 1.17-.57 1.75l3.67 3.18-1.1 4.72c-.2.86.73 1.54 1.49 1.08l4.15-2.5z"
                          />
                        </svg>
                      </div>
                    </div>
                  </div>
                  <div
                    data-testid="RatingStarGroup_RatingStar"
                    onClick={[Function]}
                  >
                    <div
                      className="RatingStar"
                      data-testid="RatingStar"
                    >
                      <div
                        className="EmptyRatingStar"
                        data-testid="EmptyRatingStar"
                      >
                        <svg
                          aria-hidden={true}
                          className="MuiSvgIcon-root"
                          color="#d6d6d6"
                          focusable="false"
                          style={
                            Object {
                              "fontSize": 25,
                            }
                          }
                          viewBox="0 0 24 24"
                        >
                          <path
                            d="M12 17.27l4.15 2.51c.76.46 1.69-.22 1.49-1.08l-1.1-4.72 3.67-3.18c.67-.58.31-1.68-.57-1.75l-4.83-.41-1.89-4.46c-.34-.81-1.5-.81-1.84 0L9.19 8.63l-4.83.41c-.88.07-1.24 1.17-.57 1.75l3.67 3.18-1.1 4.72c-.2.86.73 1.54 1.49 1.08l4.15-2.5z"
                          />
                        </svg>
                      </div>
                    </div>
                  </div>
                  <div
                    data-testid="RatingStarGroup_RatingStar"
                    onClick={[Function]}
                  >
                    <div
                      className="RatingStar"
                      data-testid="RatingStar"
                    >
                      <div
                        className="EmptyRatingStar"
                        data-testid="EmptyRatingStar"
                      >
                        <svg
                          aria-hidden={true}
                          className="MuiSvgIcon-root"
                          color="#d6d6d6"
                          focusable="false"
                          style={
                            Object {
                              "fontSize": 25,
                            }
                          }
                          viewBox="0 0 24 24"
                        >
                          <path
                            d="M12 17.27l4.15 2.51c.76.46 1.69-.22 1.49-1.08l-1.1-4.72 3.67-3.18c.67-.58.31-1.68-.57-1.75l-4.83-.41-1.89-4.46c-.34-.81-1.5-.81-1.84 0L9.19 8.63l-4.83.41c-.88.07-1.24 1.17-.57 1.75l3.67 3.18-1.1 4.72c-.2.86.73 1.54 1.49 1.08l4.15-2.5z"
                          />
                        </svg>
                      </div>
                    </div>
                  </div>
                </div>
              </div>
            </div>
            <div
              className="mt-5 sm:mt-0"
            >
              <svg
                aria-hidden={true}
                className="MuiSvgIcon-root"
                focusable="false"
                viewBox="0 0 24 24"
              >
                <path
                  d="M12 4l-1.41 1.41L16.17 11H4v2h12.17l-5.58 5.59L12 20l8-8z"
                />
              </svg>
            </div>
          </div>
        </div>
      </a>
    </div>
  </div>
  <div
    className="border-b"
  >
    <div
      className="TopicResourceListingItem"
      data-testid="TopicResourceListingItem"
    >
      <a
        href="/topics/topic-name/resources/resource-name2"
        onClick={[Function]}
        onMouseEnter={[Function]}
      >
        <div
          className="ListingItem HoverListingItem"
          data-testid="ListingItem"
        >
          <div
            className="sm:flex sm:justify-between items-center sm:text-left text-center"
          >
            <div
              className="col-sm-auto flex flex-col items-center sm:items-start"
            >
              <div
                className="flex items-center justify-center sm:justify-start"
              >
                <div />
              </div>
              <div
                className="mt-1"
              >
                <div
                  className="RatingStarGroup"
                  data-testid="RatingStarGroup"
                >
                  <div
                    data-testid="RatingStarGroup_RatingStar"
                    onClick={[Function]}
                  >
                    <div
                      className="RatingStar"
                      data-testid="RatingStar"
                    >
                      <div
                        className="FullRatingStar"
                        data-testid="FullRatingStar"
                      >
                        <svg
                          aria-hidden={true}
                          className="MuiSvgIcon-root"
                          color="orange"
                          focusable="false"
                          style={
                            Object {
                              "fontSize": 25,
                            }
                          }
                          viewBox="0 0 24 24"
                        >
                          <path
                            d="M12 17.27l4.15 2.51c.76.46 1.69-.22 1.49-1.08l-1.1-4.72 3.67-3.18c.67-.58.31-1.68-.57-1.75l-4.83-.41-1.89-4.46c-.34-.81-1.5-.81-1.84 0L9.19 8.63l-4.83.41c-.88.07-1.24 1.17-.57 1.75l3.67 3.18-1.1 4.72c-.2.86.73 1.54 1.49 1.08l4.15-2.5z"
                          />
                        </svg>
                      </div>
                    </div>
                  </div>
                  <div
                    data-testid="RatingStarGroup_RatingStar"
                    onClick={[Function]}
                  >
                    <div
                      className="RatingStar"
                      data-testid="RatingStar"
                    >
                      <div
                        className="FullRatingStar"
                        data-testid="FullRatingStar"
                      >
                        <svg
                          aria-hidden={true}
                          className="MuiSvgIcon-root"
                          color="orange"
                          focusable="false"
                          style={
                            Object {
                              "fontSize": 25,
                            }
                          }
                          viewBox="0 0 24 24"
                        >
                          <path
                            d="M12 17.27l4.15 2.51c.76.46 1.69-.22 1.49-1.08l-1.1-4.72 3.67-3.18c.67-.58.31-1.68-.57-1.75l-4.83-.41-1.89-4.46c-.34-.81-1.5-.81-1.84 0L9.19 8.63l-4.83.41c-.88.07-1.24 1.17-.57 1.75l3.67 3.18-1.1 4.72c-.2.86.73 1.54 1.49 1.08l4.15-2.5z"
                          />
                        </svg>
                      </div>
                    </div>
                  </div>
                  <div
                    data-testid="RatingStarGroup_RatingStar"
                    onClick={[Function]}
                  >
                    <div
                      className="RatingStar"
                      data-testid="RatingStar"
                    >
                      <div
                        className="FullRatingStar"
                        data-testid="FullRatingStar"
                      >
                        <svg
                          aria-hidden={true}
                          className="MuiSvgIcon-root"
                          color="orange"
                          focusable="false"
                          style={
                            Object {
                              "fontSize": 25,
                            }
                          }
                          viewBox="0 0 24 24"
                        >
                          <path
                            d="M12 17.27l4.15 2.51c.76.46 1.69-.22 1.49-1.08l-1.1-4.72 3.67-3.18c.67-.58.31-1.68-.57-1.75l-4.83-.41-1.89-4.46c-.34-.81-1.5-.81-1.84 0L9.19 8.63l-4.83.41c-.88.07-1.24 1.17-.57 1.75l3.67 3.18-1.1 4.72c-.2.86.73 1.54 1.49 1.08l4.15-2.5z"
                          />
                        </svg>
                      </div>
                    </div>
                  </div>
                  <div
                    data-testid="RatingStarGroup_RatingStar"
                    onClick={[Function]}
                  >
                    <div
                      className="RatingStar"
                      data-testid="RatingStar"
                    >
                      <div
                        className="EmptyRatingStar"
                        data-testid="EmptyRatingStar"
                      >
                        <svg
                          aria-hidden={true}
                          className="MuiSvgIcon-root"
                          color="#d6d6d6"
                          focusable="false"
                          style={
                            Object {
                              "fontSize": 25,
                            }
                          }
                          viewBox="0 0 24 24"
                        >
                          <path
                            d="M12 17.27l4.15 2.51c.76.46 1.69-.22 1.49-1.08l-1.1-4.72 3.67-3.18c.67-.58.31-1.68-.57-1.75l-4.83-.41-1.89-4.46c-.34-.81-1.5-.81-1.84 0L9.19 8.63l-4.83.41c-.88.07-1.24 1.17-.57 1.75l3.67 3.18-1.1 4.72c-.2.86.73 1.54 1.49 1.08l4.15-2.5z"
                          />
                        </svg>
                      </div>
                    </div>
                  </div>
                  <div
                    data-testid="RatingStarGroup_RatingStar"
                    onClick={[Function]}
                  >
                    <div
                      className="RatingStar"
                      data-testid="RatingStar"
                    >
                      <div
                        className="EmptyRatingStar"
                        data-testid="EmptyRatingStar"
                      >
                        <svg
                          aria-hidden={true}
                          className="MuiSvgIcon-root"
                          color="#d6d6d6"
                          focusable="false"
                          style={
                            Object {
                              "fontSize": 25,
                            }
                          }
                          viewBox="0 0 24 24"
                        >
                          <path
                            d="M12 17.27l4.15 2.51c.76.46 1.69-.22 1.49-1.08l-1.1-4.72 3.67-3.18c.67-.58.31-1.68-.57-1.75l-4.83-.41-1.89-4.46c-.34-.81-1.5-.81-1.84 0L9.19 8.63l-4.83.41c-.88.07-1.24 1.17-.57 1.75l3.67 3.18-1.1 4.72c-.2.86.73 1.54 1.49 1.08l4.15-2.5z"
                          />
                        </svg>
                      </div>
                    </div>
                  </div>
                </div>
              </div>
            </div>
            <div
              className="mt-5 sm:mt-0"
            >
              <svg
                aria-hidden={true}
                className="MuiSvgIcon-root"
                focusable="false"
                viewBox="0 0 24 24"
              >
                <path
                  d="M12 4l-1.41 1.41L16.17 11H4v2h12.17l-5.58 5.59L12 20l8-8z"
                />
              </svg>
            </div>
          </div>
        </div>
      </a>
    </div>
  </div>
  <div
    className=""
  >
    <div
      className="TopicResourceListingItem"
      data-testid="TopicResourceListingItem"
    >
      <a
        href="/topics/topic-name/resources/resource-name3"
        onClick={[Function]}
        onMouseEnter={[Function]}
      >
        <div
          className="ListingItem HoverListingItem"
          data-testid="ListingItem"
        >
          <div
            className="sm:flex sm:justify-between items-center sm:text-left text-center"
          >
            <div
              className="col-sm-auto flex flex-col items-center sm:items-start"
            >
              <div
                className="flex items-center justify-center sm:justify-start"
              >
                <div />
              </div>
              <div
                className="mt-1"
              >
                <div
                  className="RatingStarGroup"
                  data-testid="RatingStarGroup"
                >
                  <div
                    data-testid="RatingStarGroup_RatingStar"
                    onClick={[Function]}
                  >
                    <div
                      className="RatingStar"
                      data-testid="RatingStar"
                    >
                      <div
                        className="FullRatingStar"
                        data-testid="FullRatingStar"
                      >
                        <svg
                          aria-hidden={true}
                          className="MuiSvgIcon-root"
                          color="orange"
                          focusable="false"
                          style={
                            Object {
                              "fontSize": 25,
                            }
                          }
                          viewBox="0 0 24 24"
                        >
                          <path
                            d="M12 17.27l4.15 2.51c.76.46 1.69-.22 1.49-1.08l-1.1-4.72 3.67-3.18c.67-.58.31-1.68-.57-1.75l-4.83-.41-1.89-4.46c-.34-.81-1.5-.81-1.84 0L9.19 8.63l-4.83.41c-.88.07-1.24 1.17-.57 1.75l3.67 3.18-1.1 4.72c-.2.86.73 1.54 1.49 1.08l4.15-2.5z"
                          />
                        </svg>
                      </div>
                    </div>
                  </div>
                  <div
                    data-testid="RatingStarGroup_RatingStar"
                    onClick={[Function]}
                  >
                    <div
                      className="RatingStar"
                      data-testid="RatingStar"
                    >
                      <div
                        className="FullRatingStar"
                        data-testid="FullRatingStar"
                      >
                        <svg
                          aria-hidden={true}
                          className="MuiSvgIcon-root"
                          color="orange"
                          focusable="false"
                          style={
                            Object {
                              "fontSize": 25,
                            }
                          }
                          viewBox="0 0 24 24"
                        >
                          <path
                            d="M12 17.27l4.15 2.51c.76.46 1.69-.22 1.49-1.08l-1.1-4.72 3.67-3.18c.67-.58.31-1.68-.57-1.75l-4.83-.41-1.89-4.46c-.34-.81-1.5-.81-1.84 0L9.19 8.63l-4.83.41c-.88.07-1.24 1.17-.57 1.75l3.67 3.18-1.1 4.72c-.2.86.73 1.54 1.49 1.08l4.15-2.5z"
                          />
                        </svg>
                      </div>
                    </div>
                  </div>
                  <div
                    data-testid="RatingStarGroup_RatingStar"
                    onClick={[Function]}
                  >
                    <div
                      className="RatingStar"
                      data-testid="RatingStar"
                    >
                      <div
                        className="FullRatingStar"
                        data-testid="FullRatingStar"
                      >
                        <svg
                          aria-hidden={true}
                          className="MuiSvgIcon-root"
                          color="orange"
                          focusable="false"
                          style={
                            Object {
                              "fontSize": 25,
                            }
                          }
                          viewBox="0 0 24 24"
                        >
                          <path
                            d="M12 17.27l4.15 2.51c.76.46 1.69-.22 1.49-1.08l-1.1-4.72 3.67-3.18c.67-.58.31-1.68-.57-1.75l-4.83-.41-1.89-4.46c-.34-.81-1.5-.81-1.84 0L9.19 8.63l-4.83.41c-.88.07-1.24 1.17-.57 1.75l3.67 3.18-1.1 4.72c-.2.86.73 1.54 1.49 1.08l4.15-2.5z"
                          />
                        </svg>
                      </div>
                    </div>
                  </div>
                  <div
                    data-testid="RatingStarGroup_RatingStar"
                    onClick={[Function]}
                  >
                    <div
                      className="RatingStar"
                      data-testid="RatingStar"
                    >
                      <div
                        className="FullRatingStar"
                        data-testid="FullRatingStar"
                      >
                        <svg
                          aria-hidden={true}
                          className="MuiSvgIcon-root"
                          color="orange"
                          focusable="false"
                          style={
                            Object {
                              "fontSize": 25,
                            }
                          }
                          viewBox="0 0 24 24"
                        >
                          <path
                            d="M12 17.27l4.15 2.51c.76.46 1.69-.22 1.49-1.08l-1.1-4.72 3.67-3.18c.67-.58.31-1.68-.57-1.75l-4.83-.41-1.89-4.46c-.34-.81-1.5-.81-1.84 0L9.19 8.63l-4.83.41c-.88.07-1.24 1.17-.57 1.75l3.67 3.18-1.1 4.72c-.2.86.73 1.54 1.49 1.08l4.15-2.5z"
                          />
                        </svg>
                      </div>
                    </div>
                  </div>
                  <div
                    data-testid="RatingStarGroup_RatingStar"
                    onClick={[Function]}
                  >
                    <div
                      className="RatingStar"
                      data-testid="RatingStar"
                    >
                      <div
                        className="FullRatingStar"
                        data-testid="FullRatingStar"
                      >
                        <svg
                          aria-hidden={true}
                          className="MuiSvgIcon-root"
                          color="orange"
                          focusable="false"
                          style={
                            Object {
                              "fontSize": 25,
                            }
                          }
                          viewBox="0 0 24 24"
                        >
                          <path
                            d="M12 17.27l4.15 2.51c.76.46 1.69-.22 1.49-1.08l-1.1-4.72 3.67-3.18c.67-.58.31-1.68-.57-1.75l-4.83-.41-1.89-4.46c-.34-.81-1.5-.81-1.84 0L9.19 8.63l-4.83.41c-.88.07-1.24 1.17-.57 1.75l3.67 3.18-1.1 4.72c-.2.86.73 1.54 1.49 1.08l4.15-2.5z"
                          />
                        </svg>
                      </div>
                    </div>
                  </div>
                </div>
              </div>
            </div>
            <div
              className="mt-5 sm:mt-0"
            >
              <svg
                aria-hidden={true}
                className="MuiSvgIcon-root"
                focusable="false"
                viewBox="0 0 24 24"
              >
                <path
                  d="M12 4l-1.41 1.41L16.17 11H4v2h12.17l-5.58 5.59L12 20l8-8z"
                />
              </svg>
            </div>
          </div>
        </div>
      </a>
    </div>
  </div>
</div>
`;

exports[`<TopicResourceListing /> without topic resources should render correctly 1`] = `
<div
  className="TopicResourceListing"
  data-testid="TopicResourceListing"
/>
`;
