// Jest Snapshot v1, https://goo.gl/fbAQLP

exports[`<TopicResourceListing /> with multiple topic resources should render correctly 1`] = `
<div
  className="TopicResourceListing"
  data-testid="TopicResourceListing"
/>
`;

exports[`<TopicResourceListing /> without topic resources should render correctly 1`] = `
<div
  className="TopicResourceListing"
  data-testid="TopicResourceListing"
/>
`;
