// Jest Snapshot v1, https://goo.gl/fbAQLP

exports[`<CallToAction /> should render correctly 1`] = `
<div
  className="CallToAction"
  data-testid="CallToAction"
>
  <div
    className="content-container"
  >
    <div
      className="text-6xl"
    >
      What are you waiting for?
    </div>
    <div
      className="Search"
    >
      <input
        className="flex-grow block form-control-lg"
        onChange={[Function]}
        placeholder="Search..."
        type="text"
        value=""
      />
      <button
        className="mt-5 sm:mt-0 sm:ml-3 btn btn-primary"
        onClick={[Function]}
      >
        Search Topics
      </button>
    </div>
  </div>
</div>
`;
