// Jest Snapshot v1, https://goo.gl/fbAQLP

exports[`<Feature /> should render correctly 1`] = `
<div
  className="Feature"
  data-testid="Feature"
>
  <div>
    <img
      alt="Title"
      className="Image"
      src="ImageSrc"
    />
  </div>
  <div
    className="Title"
  >
    <strong>
      Title
    </strong>
  </div>
  <div
    className="Description"
  >
    Description
  </div>
</div>
`;
