// Jest Snapshot v1, https://goo.gl/fbAQLP

exports[`404 page should render correctly 1`] = `
<Layout>
  <NextSeo
    openGraph={
      Object {
        "description": "This page does not exist.",
        "title": "Page Not Found - Resource Rank",
      }
    }
    title="Page Not Found"
  />
  <div
    className="text-xl mt-10 text-center"
  >
    Uh-oh! This page does not exist.
  </div>
</Layout>
`;
