// Jest Snapshot v1, https://goo.gl/fbAQLP

exports[`<Home /> should render correctly 1`] = `
<Layout>
  <NextSeo
    openGraph={
      Object {
        "title": "Home - Resource Rank",
      }
    }
    title="Home"
  />
  <Hero />
  <FeatureListing
    features={
      Array [
        Object {
          "description": "We rank resources based on feedback from users. This allows you to quickly find the most useful resources.",
          "imageSrc": "/img/instantly-find.svg",
          "title": "Instantly Find the Best Resources",
        },
        Object {
          "description": "Not sure where to start? Find your next learning journey by browsing through our list of topics.",
          "imageSrc": "/img/explore.svg",
          "title": "Explore Topics",
        },
        Object {
          "description": "Rate resources based on helpfulness for learning a topic.",
          "imageSrc": "/img/rate-resources.svg",
          "title": "Give Your Opinion",
        },
        Object {
          "description": "Add your own new topics and resources that are useful.",
          "imageSrc": "/img/add-your-own.svg",
          "title": "Contribute",
        },
      ]
    }
  />
  <CallToAction />
</Layout>
`;
