// Jest Snapshot v1, https://goo.gl/fbAQLP

exports[`<LoadingButton /> with loading should render correctly 1`] = `
<button
  className="btn btn-primary"
  data-testid="LoadingButton"
>
  <div>
    <div
      className="LoadingSpinner"
      data-testid="LoadingSpinner"
    >
      <div
        style={
          Object {
            "boxSizing": "border-box",
            "display": "inline-block",
            "margin": 0,
            "maxWidth": "100%",
            "overflow": "hidden",
            "position": "relative",
          }
        }
      >
        <div
          style={
            Object {
              "boxSizing": "border-box",
              "display": "block",
              "maxWidth": "100%",
            }
          }
        >
          <img
            alt=""
            aria-hidden={true}
            role="presentation"
            src="data:image/svg+xml;base64,PHN2ZyB3aWR0aD0iMjAiIGhlaWdodD0iMjAiIHhtbG5zPSJodHRwOi8vd3d3LnczLm9yZy8yMDAwL3N2ZyIgdmVyc2lvbj0iMS4xIi8+"
            style={
              Object {
                "border": "none",
                "display": "block",
                "margin": 0,
                "maxWidth": "100%",
                "padding": 0,
              }
            }
          />
        </div>
        <noscript>
          <img
            className="animate-spin align-middle"
            decoding="async"
            src="/img/spinner.svg"
            srcSet="/_next/image?url=%2Fimg%2Fspinner.svg&w=32&q=75 1x, /_next/image?url=%2Fimg%2Fspinner.svg&w=48&q=75 2x"
            style={
              Object {
                "border": "none",
                "bottom": 0,
                "boxSizing": "border-box",
                "display": "block",
                "height": 0,
                "left": 0,
                "margin": "auto",
                "maxHeight": "100%",
                "maxWidth": "100%",
                "minHeight": "100%",
                "minWidth": "100%",
                "objectFit": undefined,
                "objectPosition": undefined,
                "padding": 0,
                "position": "absolute",
                "right": 0,
                "top": 0,
                "width": 0,
              }
            }
          />
        </noscript>
        <img
          className="animate-spin align-middle"
          decoding="async"
          src="data:image/gif;base64,R0lGODlhAQABAIAAAAAAAP///yH5BAEAAAAALAAAAAABAAEAAAIBRAA7"
          style={
            Object {
              "border": "none",
              "bottom": 0,
              "boxSizing": "border-box",
              "display": "block",
              "height": 0,
              "left": 0,
              "margin": "auto",
              "maxHeight": "100%",
              "maxWidth": "100%",
              "minHeight": "100%",
              "minWidth": "100%",
              "objectFit": undefined,
              "objectPosition": undefined,
              "padding": 0,
              "position": "absolute",
              "right": 0,
              "top": 0,
              "width": 0,
            }
          }
        />
      </div>
    </div>
  </div>
</button>
`;

exports[`<LoadingButton /> with not loading should render correctly 1`] = `
<button
  className="btn btn-primary"
  data-testid="LoadingButton"
>
  Content
</button>
`;
