// Jest Snapshot v1, https://goo.gl/fbAQLP

exports[`<LoadingButton /> with loading should render correctly 1`] = `
<button
  className="btn btn-primary"
  data-testid="LoadingButton"
>
  <div>
    <div
      className="LoadingSpinner"
      data-testid="LoadingSpinner"
    >
      <img
        className="animate-spin align-middle"
        height={20}
        src="/img/spinner.svg"
        width={20}
      />
    </div>
  </div>
</button>
`;

exports[`<LoadingButton /> with not loading should render correctly 1`] = `
<button
  className="btn btn-primary"
  data-testid="LoadingButton"
>
  Content
</button>
`;
