// Jest Snapshot v1, https://goo.gl/fbAQLP

exports[`<FeatureListing /> with features should render correctly 1`] = `
<div
  className="FeatureListing"
  data-testid="FeatureListing"
>
  <div
    className="FeatureItem"
  >
    <div
      className="content-container flex-grow"
    >
      <div
        className="Feature"
        data-testid="Feature"
      >
        <div>
          <img
            alt="1"
            className="Image"
            src="src"
          />
        </div>
        <div
          className="Title"
        >
          <strong>
            1
          </strong>
        </div>
        <div
          className="Description"
        >
          123
        </div>
      </div>
    </div>
  </div>
  <div
    className="FeatureItem"
  >
    <div
      className="content-container flex-grow"
    >
      <div
        className="Feature"
        data-testid="Feature"
      >
        <div>
          <img
            alt="2"
            className="Image"
            src="src"
          />
        </div>
        <div
          className="Title"
        >
          <strong>
            2
          </strong>
        </div>
        <div
          className="Description"
        >
          456
        </div>
      </div>
    </div>
  </div>
</div>
`;

exports[`<FeatureListing /> without features should render correctly 1`] = `
<div
  className="FeatureListing"
  data-testid="FeatureListing"
/>
`;
