// Jest Snapshot v1, https://goo.gl/fbAQLP

exports[`<NewTopic /> HOC page should require authentication 1`] = `
<Layout>
  <div
    className="mt-8"
  >
    <LoadingSpinner
      color="#292929"
      size={50}
    />
  </div>
</Layout>
`;

exports[`<NewTopic /> page should render correctly 1`] = `
<div
  data-testid="NewTopic"
>
  <BreadcrumbLayout
    breadcrumbs={
      Array [
        Object {
          "title": "Topics",
          "to": "/topics",
        },
        Object {
          "title": "New",
          "to": "/topics/new",
        },
      ]
    }
  >
    <NextSeo
      openGraph={
        Object {
          "description": "Create a new topic.",
          "title": "New Topic - Resource Rank",
        }
      }
      title="New Topic"
    />
    <div
      className="text-4xl"
    >
      New Topic
    </div>
    <div
      className="mt-10"
    >
      <Unknown
        setError={[MockFunction]}
      >
        <Unknown
          cancelHref="/topics"
          errorMessage={null}
          isSubmitting={null}
          nameFieldName="name"
          onInvalid={[Function]}
          onSubmit={[Function]}
        />
      </Unknown>
    </div>
  </BreadcrumbLayout>
</div>
`;

exports[`<NewTopic /> page should render correctly with create topic error 1`] = `
<div
  data-testid="NewTopic"
>
  <BreadcrumbLayout
    breadcrumbs={
      Array [
        Object {
          "title": "Topics",
          "to": "/topics",
        },
        Object {
          "title": "New",
          "to": "/topics/new",
        },
      ]
    }
  >
    <NextSeo
      openGraph={
        Object {
          "description": "Create a new topic.",
          "title": "New Topic - Resource Rank",
        }
      }
      title="New Topic"
    />
    <div
      className="text-4xl"
    >
      New Topic
    </div>
    <div
      className="mt-10"
    >
      <Unknown
        setError={[MockFunction]}
      >
        <Unknown
          cancelHref="/topics"
          errorMessage={null}
          isSubmitting={null}
          nameFieldName="name"
          onInvalid={[Function]}
          onSubmit={[Function]}
        />
      </Unknown>
    </div>
  </BreadcrumbLayout>
</div>
`;
